
#####   ANALYSIS RECAP   #####
Species to process: Aque, Scil, Slac
File to load: raw counts matrices
Type of analysis: SAMap pairwise + stitched
Cell-clustering method: SAMap clusters with resolution 3
Input directory: ./04_preprocessed_scRNAseqs/
Output directory: 05_SAMap_porifera
##############################

Loading raw data...
Loading raw data...
Loading raw data...


{'Aque': './04_preprocessed_scRNAseqs/Aque_cellFiltered.h5ad', 'Slac': './04_preprocessed_scRNAseqs/Slac_cellFiltered.h5ad', 'Scil': './04_preprocessed_scRNAseqs/Scil_cellFiltered.h5ad'}
Processing data Aque from:
./04_preprocessed_scRNAseqs/Aque_cellFiltered.h5ad
RUNNING SAM
Iteration: 0, Convergence: 1.0
Iteration: 1, Convergence: 0.8711349974616565
Iteration: 2, Convergence: 0.012390700223416071
Computing the UMAP embedding...
Elapsed time: 26.3127498626709 seconds
Not updating the manifold...
Processing data Slac from:
./04_preprocessed_scRNAseqs/Slac_cellFiltered.h5ad
RUNNING SAM
Iteration: 0, Convergence: 1.0
Iteration: 1, Convergence: 0.907727529541168
Iteration: 2, Convergence: 0.013262994872851869
Computing the UMAP embedding...
Elapsed time: 84.27124977111816 seconds
Not updating the manifold...
Processing data Scil from:
./04_preprocessed_scRNAseqs/Scil_cellFiltered.h5ad
RUNNING SAM
Iteration: 0, Convergence: 1.0
Iteration: 1, Convergence: 0.8383351217108665
Computing the UMAP embedding...
Elapsed time: 23.17394232749939 seconds
Not updating the manifold...
19238 `Aque` gene symbols match between the datasets and the BLAST graph.
15675 `Slac` gene symbols match between the datasets and the BLAST graph.
10020 `Scil` gene symbols match between the datasets and the BLAST graph.
Prepping datasets for translation.
Translating feature spaces pairwise.
Projecting data into joint latent space. 8.702315330505371
Correcting data with means. 10.72034740447998
Expanding neighbourhoods of species Aque...
Expanding neighbourhoods of species Slac...
Expanding neighbourhoods of species Scil...
Indegree coarsening
Rescaling edge weights by expression correlations.
Concatenating SAM objects...
Iteration 1 complete.
Alignment scores:
          Aque      Scil      Slac
Aque  0.000000  0.390653  0.485738
Scil  0.332415  0.000000  0.428834
Slac  0.411345  0.437615  0.000000
Calculating gene-gene correlations in the homology graph...
Prepping datasets for translation.
Translating feature spaces pairwise.
Projecting data into joint latent space. 7.994405269622803
Correcting data with means. 9.78275990486145
Expanding neighbourhoods of species Aque...
Expanding neighbourhoods of species Slac...
Expanding neighbourhoods of species Scil...
Indegree coarsening
Rescaling edge weights by expression correlations.
Concatenating SAM objects...
Iteration 2 complete.
Alignment scores:
          Aque      Scil      Slac
Aque  0.000000  0.429274  0.510744
Scil  0.363332  0.000000  0.451813
Slac  0.435888  0.462036  0.000000
Calculating gene-gene correlations in the homology graph...
Prepping datasets for translation.
Translating feature spaces pairwise.
Projecting data into joint latent space. 7.769364833831787
Correcting data with means. 9.623694896697998
Expanding neighbourhoods of species Aque...
Expanding neighbourhoods of species Slac...
Expanding neighbourhoods of species Scil...
Indegree coarsening
Rescaling edge weights by expression correlations.
Concatenating SAM objects...
Iteration 3 complete.
Alignment scores:
          Aque      Scil      Slac
Aque  0.000000  0.431875  0.523162
Scil  0.371367  0.000000  0.458875
Slac  0.439678  0.467788  0.000000
Calculating gene-gene correlations in the homology graph...
Prepping datasets for translation.
Translating feature spaces pairwise.
Projecting data into joint latent space. 7.695225238800049
Correcting data with means. 9.527678728103638
Expanding neighbourhoods of species Aque...
Expanding neighbourhoods of species Slac...
Expanding neighbourhoods of species Scil...
Indegree coarsening
Rescaling edge weights by expression correlations.
Concatenating SAM objects...
Iteration 4 complete.
Alignment scores:
          Aque      Scil      Slac
Aque  0.000000  0.432116  0.530094
Scil  0.372817  0.000000  0.459274
Slac  0.440665  0.469112  0.000000
Calculating gene-gene correlations in the homology graph...
Prepping datasets for translation.
Translating feature spaces pairwise.
Projecting data into joint latent space. 7.698080778121948
Correcting data with means. 9.518129825592041
Expanding neighbourhoods of species Aque...
Expanding neighbourhoods of species Slac...
Expanding neighbourhoods of species Scil...
Indegree coarsening
Rescaling edge weights by expression correlations.
Concatenating SAM objects...
Iteration 5 complete.
Alignment scores:
          Aque      Scil      Slac
Aque  0.000000  0.431999  0.532792
Scil  0.374056  0.000000  0.459889
Slac  0.440384  0.470655  0.000000
Calculating gene-gene correlations in the homology graph...
Prepping datasets for translation.
Translating feature spaces pairwise.
Projecting data into joint latent space. 7.682546138763428
Correcting data with means. 9.645602464675903
Expanding neighbourhoods of species Aque...
Expanding neighbourhoods of species Slac...
Expanding neighbourhoods of species Scil...
Indegree coarsening
Rescaling edge weights by expression correlations.
Concatenating SAM objects...
Iteration 6 complete.
Alignment scores:
          Aque      Scil      Slac
Aque  0.000000  0.431520  0.532967
Scil  0.378468  0.000000  0.464474
Slac  0.440233  0.470838  0.000000
Running UMAP on the stitched manifolds.
Elapsed time: 28.54409528573354 minutes.
14421 `Aque` gene symbols match between the datasets and the BLAST graph.
9570 `Scil` gene symbols match between the datasets and the BLAST graph.
Prepping datasets for translation.
Translating feature spaces pairwise.
Projecting data into joint latent space. 2.666940212249756
Correcting data with means. 3.3286452293395996
Expanding neighbourhoods of species Aque...
Expanding neighbourhoods of species Scil...
Indegree coarsening
Rescaling edge weights by expression correlations.
Concatenating SAM objects...
Iteration 1 complete.
Alignment scores:
          Aque      Scil
Aque  0.000000  0.437324
Scil  0.346476  0.000000
Calculating gene-gene correlations in the homology graph...
Prepping datasets for translation.
Translating feature spaces pairwise.
Projecting data into joint latent space. 2.346618175506592
Correcting data with means. 3.000105857849121
Expanding neighbourhoods of species Aque...
Expanding neighbourhoods of species Scil...
Indegree coarsening
Rescaling edge weights by expression correlations.
Concatenating SAM objects...
Iteration 2 complete.
Alignment scores:
          Aque      Scil
Aque  0.000000  0.459891
Scil  0.376684  0.000000
Calculating gene-gene correlations in the homology graph...
Prepping datasets for translation.
Translating feature spaces pairwise.
Projecting data into joint latent space. 2.2678427696228027
Correcting data with means. 2.8272528648376465
Expanding neighbourhoods of species Aque...
Expanding neighbourhoods of species Scil...
Indegree coarsening
Rescaling edge weights by expression correlations.
Concatenating SAM objects...
Iteration 3 complete.
Alignment scores:
          Aque      Scil
Aque  0.000000  0.455699
Scil  0.378861  0.000000
Calculating gene-gene correlations in the homology graph...
Prepping datasets for translation.
Translating feature spaces pairwise.
Projecting data into joint latent space. 2.238503932952881
Correcting data with means. 2.8109827041625977
Expanding neighbourhoods of species Aque...
Expanding neighbourhoods of species Scil...
Indegree coarsening
Rescaling edge weights by expression correlations.
Concatenating SAM objects...
Iteration 4 complete.
Alignment scores:
          Aque      Scil
Aque  0.000000  0.450546
Scil  0.378225  0.000000
Calculating gene-gene correlations in the homology graph...
Prepping datasets for translation.
Translating feature spaces pairwise.
Projecting data into joint latent space. 2.2181217670440674
Correcting data with means. 2.8022310733795166
Expanding neighbourhoods of species Aque...
Expanding neighbourhoods of species Scil...
Indegree coarsening
Rescaling edge weights by expression correlations.
Concatenating SAM objects...
Iteration 5 complete.
Alignment scores:
          Aque      Scil
Aque  0.000000  0.450383
Scil  0.380787  0.000000
Calculating gene-gene correlations in the homology graph...
Prepping datasets for translation.
Translating feature spaces pairwise.
Projecting data into joint latent space. 2.1625735759735107
Correcting data with means. 2.763059616088867
Expanding neighbourhoods of species Aque...
Expanding neighbourhoods of species Scil...
Indegree coarsening
Rescaling edge weights by expression correlations.
Concatenating SAM objects...
Iteration 6 complete.
Alignment scores:
          Aque      Scil
Aque  0.000000  0.449551
Scil  0.381648  0.000000
Running UMAP on the stitched manifolds.
Elapsed time: 2.7426920930544534 minutes.
18069 `Aque` gene symbols match between the datasets and the BLAST graph.
15331 `Slac` gene symbols match between the datasets and the BLAST graph.
Prepping datasets for translation.
Translating feature spaces pairwise.
Projecting data into joint latent space. 3.0653188228607178
Correcting data with means. 4.344755172729492
Expanding neighbourhoods of species Aque...
Expanding neighbourhoods of species Slac...
Indegree coarsening
Rescaling edge weights by expression correlations.
Concatenating SAM objects...
Iteration 1 complete.
Alignment scores:
          Aque      Slac
Aque  0.000000  0.472966
Slac  0.399776  0.000000
Calculating gene-gene correlations in the homology graph...
Prepping datasets for translation.
Translating feature spaces pairwise.
Projecting data into joint latent space. 2.796591281890869
Correcting data with means. 3.9181463718414307
Expanding neighbourhoods of species Aque...
Expanding neighbourhoods of species Slac...
Indegree coarsening
Rescaling edge weights by expression correlations.
Concatenating SAM objects...
Iteration 2 complete.
Alignment scores:
          Aque      Slac
Aque  0.000000  0.500888
Slac  0.414917  0.000000
Calculating gene-gene correlations in the homology graph...
Prepping datasets for translation.
Translating feature spaces pairwise.
Projecting data into joint latent space. 2.7430107593536377
Correcting data with means. 3.8507096767425537
Expanding neighbourhoods of species Aque...
Expanding neighbourhoods of species Slac...
Indegree coarsening
Rescaling edge weights by expression correlations.
Concatenating SAM objects...
Iteration 3 complete.
Alignment scores:
          Aque      Slac
Aque  0.000000  0.507972
Slac  0.418996  0.000000
Calculating gene-gene correlations in the homology graph...
Prepping datasets for translation.
Translating feature spaces pairwise.
Projecting data into joint latent space. 2.736119031906128
Correcting data with means. 3.854135751724243
Expanding neighbourhoods of species Aque...
Expanding neighbourhoods of species Slac...
Indegree coarsening
Rescaling edge weights by expression correlations.
Concatenating SAM objects...
Iteration 4 complete.
Alignment scores:
          Aque      Slac
Aque  0.000000  0.516351
Slac  0.420442  0.000000
Calculating gene-gene correlations in the homology graph...
Prepping datasets for translation.
Translating feature spaces pairwise.
Projecting data into joint latent space. 2.7463808059692383
Correcting data with means. 3.846531391143799
Expanding neighbourhoods of species Aque...
Expanding neighbourhoods of species Slac...
Indegree coarsening
Rescaling edge weights by expression correlations.
Concatenating SAM objects...
Iteration 5 complete.
Alignment scores:
          Aque     Slac
Aque  0.000000  0.51758
Slac  0.421929  0.00000
Calculating gene-gene correlations in the homology graph...
Prepping datasets for translation.
Translating feature spaces pairwise.
Projecting data into joint latent space. 2.7327988147735596
Correcting data with means. 3.8387532234191895
Expanding neighbourhoods of species Aque...
Expanding neighbourhoods of species Slac...
Indegree coarsening
Rescaling edge weights by expression correlations.
Concatenating SAM objects...
Iteration 6 complete.
Alignment scores:
         Aque      Slac
Aque  0.00000  0.520284
Slac  0.42427  0.000000
Running UMAP on the stitched manifolds.
Elapsed time: 6.117685302098592 minutes.
9033 `Scil` gene symbols match between the datasets and the BLAST graph.
11481 `Slac` gene symbols match between the datasets and the BLAST graph.
Prepping datasets for translation.
Translating feature spaces pairwise.
Projecting data into joint latent space. 3.5707945823669434
Correcting data with means. 4.3618175983428955
Expanding neighbourhoods of species Scil...
Expanding neighbourhoods of species Slac...
Indegree coarsening
Rescaling edge weights by expression correlations.
Concatenating SAM objects...
Iteration 1 complete.
Alignment scores:
          Scil      Slac
Scil  0.000000  0.414967
Slac  0.443724  0.000000
Calculating gene-gene correlations in the homology graph...
Prepping datasets for translation.
Translating feature spaces pairwise.
Projecting data into joint latent space. 3.2419984340667725
Correcting data with means. 4.046352386474609
Expanding neighbourhoods of species Scil...
Expanding neighbourhoods of species Slac...
Indegree coarsening
Rescaling edge weights by expression correlations.
Concatenating SAM objects...
Iteration 2 complete.
Alignment scores:
          Scil      Slac
Scil  0.000000  0.436477
Slac  0.461719  0.000000
Calculating gene-gene correlations in the homology graph...
Prepping datasets for translation.
Translating feature spaces pairwise.
Projecting data into joint latent space. 3.1779260635375977
Correcting data with means. 3.966609477996826
Expanding neighbourhoods of species Scil...
Expanding neighbourhoods of species Slac...
Indegree coarsening
Rescaling edge weights by expression correlations.
Concatenating SAM objects...
Iteration 3 complete.
Alignment scores:
          Scil      Slac
Scil  0.000000  0.441279
Slac  0.464346  0.000000
Calculating gene-gene correlations in the homology graph...
Prepping datasets for translation.
Translating feature spaces pairwise.
Projecting data into joint latent space. 3.138962984085083
Correcting data with means. 3.977020263671875
Expanding neighbourhoods of species Scil...
Expanding neighbourhoods of species Slac...
Indegree coarsening
Rescaling edge weights by expression correlations.
Concatenating SAM objects...
Iteration 4 complete.
Alignment scores:
          Scil      Slac
Scil  0.000000  0.443396
Slac  0.467754  0.000000
Calculating gene-gene correlations in the homology graph...
Prepping datasets for translation.
Translating feature spaces pairwise.
Projecting data into joint latent space. 3.1310553550720215
Correcting data with means. 3.9486372470855713
Expanding neighbourhoods of species Scil...
Expanding neighbourhoods of species Slac...
Indegree coarsening
Rescaling edge weights by expression correlations.
Concatenating SAM objects...
Iteration 5 complete.
Alignment scores:
          Scil      Slac
Scil  0.000000  0.445989
Slac  0.464573  0.000000
Calculating gene-gene correlations in the homology graph...
Prepping datasets for translation.
Translating feature spaces pairwise.
Projecting data into joint latent space. 3.1260852813720703
Correcting data with means. 3.9374163150787354
Expanding neighbourhoods of species Scil...
Expanding neighbourhoods of species Slac...
Indegree coarsening
Rescaling edge weights by expression correlations.
Concatenating SAM objects...
Iteration 6 complete.
Alignment scores:
          Scil      Slac
Scil  0.000000  0.445649
Slac  0.464022  0.000000
Running UMAP on the stitched manifolds.
Elapsed time: 16.78777634302775 minutes.
